// Vitest Snapshot v1, https://vitest.dev/guide/snapshot.html

exports[`App > renders CountryPicker after loading 1`] = `
<label
  class="sc-gKkibJ cweQQB"
  data-testid="country-picker"
  for="country"
>
  Country
  <select
    class="_select_eda643"
    id="country"
  >
    <option
      value="global"
    >
      All
    </option>
    <option>
      US
    </option>
    <option>
      Canada
    </option>
    <option>
      China
    </option>
    <option>
      Italy
    </option>
  </select>
</label>
`;

exports[`App > renders without crashing 1`] = `
<div>
  <div
    class="flex items-center justify-center flex-col"
  >
    <div
      class="flex items-center w-full text-2xl p-4 mb-8 opacity-80"
    >
      <img
        alt="COVID 19"
        class="w-6 h-6 max-h-6 mr-2"
        data-nimg="1"
        data-testid="covid-image"
        decoding="async"
        height="24"
        loading="lazy"
        src="/_next/image?url=%2Fcovid%400.25x.webp&w=48&q=75"
        srcset="/_next/image?url=%2Fcovid%400.25x.webp&w=32&q=75 1x, /_next/image?url=%2Fcovid%400.25x.webp&w=48&q=75 2x"
        style="color: transparent;"
        width="24"
      />
      COVID-19 Data Tracker
    </div>
    <div>
      Loading...
    </div>
    <div
      class="fixed bottom-0 flex justify-center w-full text-md mt-8 mb-8"
    >
      Produced by
      <a
        class="text-md font-medium letter-spacing-1 ml-5 underline-offset-4"
        href="https://ponti.io"
        rel="noopener noreferrer"
        target="_blank"
      >
        Ponti Studios
      </a>
    </div>
  </div>
</div>
`;
