// Vitest Snapshot v1, https://vitest.dev/guide/snapshot.html

exports[`App > renders without crashing 1`] = `
<div>
  <div
    class="sc-ftLKQv MbBsH"
  >
    <div
      class="sc-jrkPcm ixAPUo"
    >
      <img
        alt="COVID 19"
        class="sc-kDnyCx ihBtsA"
        data-testid="covid-image"
        src="/src/images/covid@0.25x.webp"
      />
      COVID-19 Data Tracker
    </div>
    <div>
      Loading...
    </div>
    <div
      class="sc-ipMvLY jYozjL"
    >
      Produced by
      <a
        class="sc-pqitP faWEVH"
        href="https://ponti.io"
        rel="noopener noreferrer"
        target="_blank"
      >
        Ponti Studios
      </a>
    </div>
  </div>
</div>
`;
